2025-04-30 04:20:05,545 DEBUG    root            Loaded Command Group: ['gcloud', 'config']
2025-04-30 04:20:05,548 DEBUG    root            Loaded Command Group: ['gcloud', 'config', 'config_helper']
2025-04-30 04:20:05,550 DEBUG    root            Running [gcloud.config.config-helper] with arguments: [--format: "json", --min-expiry: "1800"]
2025-04-30 04:20:05,564 DEBUG    root            Chosen display Format:default json
2025-04-30 04:20:05,564 INFO     root            Display format: "default json"
2025-04-30 04:20:05,601 INFO     ___FILE_ONLY___ {
  "configuration": {
    "active_configuration": "default",
    "properties": {
      "compute": {
        "region": "us-east1"
      },
      "core": {
        "account": "550489328240-compute@developer.gserviceaccount.com",
        "disable_usage_reporting": "True",
        "project": "qwiklabs-gcp-01-42741b8a7855"
      },
      "dataproc": {
        "region": "us-east1"
      }
    }
  },
  "credential": {
    "access_token": "ya29.c.c0ASRK0GZw6WlYohu-uyZf9nNOViurhIq9pqY5hbcT8GBJb0NzH4UU0N4b-k2TZQ_W-KotV_ammvudIytVJu9vX9dbyzgWwdq0zh7Ei5FgvnwpEh0Vzxkg9L7t_O_CsIbgHBPC25AAAtzGAUm0GJp3m3s_U8YU1GJmMSkoEtP2CA1u0MMLofxokO4RkTnbbSnOdvhSgw2WEQY4azr1bt9jxs3bvsfCY8KPscVDaiPNJmkwP10lRY3ii89SZNbqDmCCBVjLNKJ5B1ufZB-3wvUpq1Xoy0Vk8CFiJWYZYfV3AFBmqELiYu6VJ4AVbh5Pn26j5HWCL0FgJBNoUY8rU5oxnIW1u9tA5z0xrnAROvL6UBJOFbpVdVadu44kBJjMyBIrHwFgZoJx5AZMiYZXwZKBvgE415C3e66fcU1UXnWVsaef3rlS4hrzcU3UYlvplvZUYla3y15SI89iicVZxx1y2d1Vxx__dkn5FWfvhkf39lcoYWyjRBbcwOO48Y7e39brXShv3bWngzj2U6o0uRapvMp6F08xZ2jb1d8k35h4RqncokQ0y7coMiV4ajyzt8o6OnOZlRX2F8eiBnldef0qV6a9gIf0ibOezSkdrFrZ0fkJyyMl5s9ZV9-qYlkpliYdsUgiZQ3bOxtm54pOj_YgwXYyF4rtQIuF-Bo-dXclbsM9c8Jmr1yVbl1ZOrw-9z_Mz9oktU44I-Y4iiJ29nvcmXWn1MSgO5zn2fo57mJu66l7ifhU6w2RvXIM6yYeqSZjjnukMcFnd6vbtM8Qk22wjhg0npYo2okdgm3VO_etw4zct6coU8-juaSngv-v61q3F6qYokOm79ao81bYRltc1mukBm_Zt3Uxc9h1uyataYpuRIS_tpnZ2e-WjrYdhUaYUIxMl-gYvWJdbuotrkZgBBVI6ydrRuln66JQbBep33WQ_qgFURF_qquQY13UlMox-IY_ujYsZw4i-B6psZjqiI9huFv8atccl-0hQZgslI9hdivV4Wj6X3x",
    "id_token": "eyJhbGciOiJSUzI1NiIsImtpZCI6IjA3YjgwYTM2NTQyODUyNWY4YmY3Y2QwODQ2ZDc0YThlZTRlZjM2MjUiLCJ0eXAiOiJKV1QifQ.eyJhdWQiOiIzMjU1NTk0MDU1OS5hcHBzLmdvb2dsZXVzZXJjb250ZW50LmNvbSIsImF6cCI6IjEwODE3NDAyNDU1OTIzODc5NjE2NCIsImV4cCI6MTc0NTk5MDM4NiwiaWF0IjoxNzQ1OTg2Nzg2LCJpc3MiOiJodHRwczovL2FjY291bnRzLmdvb2dsZS5jb20iLCJzdWIiOiIxMDgxNzQwMjQ1NTkyMzg3OTYxNjQifQ.BoxgjKIa6ompJhT635JR_otrpdm9cra9ArlhTmpLO0jAq-4BjTa1CLLJVUfNHR6FHpLlQqRvBbn60Hlj5cQ9JDtjw9tIHZ98lK029LnEQwvosMATkeCJ1DO1sC5SgB2BJfUR-DVLlxSdg-WwfsYprNAPc7pkr9gGgdatKFBIBu7TNU6OrGmr0JztehA_6pb8jUgL9nxZZffEH1FZ1Ck868iTd5O4vDYn0E8xMUN407CMqSxeXBYXaiDo4aR0Gm30X9JqnXzTmmSV5763GtEvUhcbpnD8cnyuYKO8ifhAq7wdt6aR9u4jqc56iCMGP7wDmEbChBFHpf9brON26zAYdg",
    "token_expiry": "2025-04-30T05:19:31Z"
  },
  "sentinels": {
    "config_sentinel": "/home/jupyter/.config/gcloud/config_sentinel"
  }
}
2025-04-30 04:20:05,601 INFO     ___FILE_ONLY___ 

2025-04-30 04:20:05,601 DEBUG    root            SDK update checks are disabled.
