2025-04-30 04:53:38,666 DEBUG    root            Loaded Command Group: ['gcloud', 'config']
2025-04-30 04:53:38,668 DEBUG    root            Loaded Command Group: ['gcloud', 'config', 'config_helper']
2025-04-30 04:53:38,672 DEBUG    root            Running [gcloud.config.config-helper] with arguments: [--format: "json", --min-expiry: "1800"]
2025-04-30 04:53:38,717 DEBUG    google.auth.transport.requests Making request: GET http://metadata.google.internal/computeMetadata/v1/instance/service-accounts/550489328240-compute@developer.gserviceaccount.com/?recursive=true
2025-04-30 04:53:38,719 DEBUG    urllib3.connectionpool Starting new HTTP connection (1): metadata.google.internal:80
2025-04-30 04:53:38,720 DEBUG    urllib3.connectionpool http://metadata.google.internal:80 "GET /computeMetadata/v1/instance/service-accounts/550489328240-compute@developer.gserviceaccount.com/?recursive=true HTTP/11" 200 154
2025-04-30 04:53:38,722 DEBUG    google.auth.transport.requests Making request: GET http://metadata.google.internal/computeMetadata/v1/instance/service-accounts/550489328240-compute@developer.gserviceaccount.com/token
2025-04-30 04:53:38,724 DEBUG    urllib3.connectionpool http://metadata.google.internal:80 "GET /computeMetadata/v1/instance/service-accounts/550489328240-compute@developer.gserviceaccount.com/token HTTP/11" 200 868
2025-04-30 04:53:38,735 DEBUG    root            Chosen display Format:default json
2025-04-30 04:53:38,736 INFO     root            Display format: "default json"
2025-04-30 04:53:38,755 INFO     ___FILE_ONLY___ {
  "configuration": {
    "active_configuration": "default",
    "properties": {
      "compute": {
        "region": "us-east1"
      },
      "core": {
        "account": "550489328240-compute@developer.gserviceaccount.com",
        "disable_usage_reporting": "True",
        "project": "qwiklabs-gcp-01-42741b8a7855"
      },
      "dataproc": {
        "region": "us-east1"
      }
    }
  },
  "credential": {
    "access_token": "ya29.c.c0ASRK0GY0rrsjigYOAHIMNJaj6FS6HNDR6f5SMKRLLCFFsVzj_aDjvoAK4AzsCnept8_-aA06YFugp07cAgtrpkpaBMJQLWjpsnWBfDl-kf9wnYWpppAcJQ_mRWXx8acAWxn9FujulDpo5mre7buR_Cy57qwqlBIL5qT7eIejLMHugTw3AKa0NuqQfQNZu6kgE3NLJ4YMl7mTY2W2746Iq7Ocqh7s9ihMnZkBcqCngXqcy1AcbB-p9OWHRkSySfMZFTBjEG20xc9SowBHYgLifo5_KJpA0lGhWYP9IHxNUnjA6K4oM-1M9vpdIQTBYxbMzug384AS1uuAscuDiJaEE4xTy0Hzb7l19oe76NR2ndL2g_UPrbG4IVngyrDZsdQRoynUFgkOpOmRugofJMvUgAG415C5nY2_bO9Ua-scv_48Sc1peyhlY0IIUeIBFQlYdUerrRyrsh5delebIBOs_v5oeukmZUdSclhQxfWrvaeJ0xR0UIr7aZke7a8S6x9xuBRqly0V0yJfqXj3hF8v2c1jj11OmJ5I6q1F_q_4Iby-xQQMMRUcbg4od9IZ_5Za4vm4xM7ndOVi6_0aRd6UhzS9ZRBqxmI9m1cRjInFelvgvaj78lFVvYeYxVWt04rjYdqh-nUZOUJajvi0jUf7YzM_I3cd-wohu-Mf89b2MZaMJwQXxvxg_XUyOXqZFgu42R3rXg9cvY1b1a9lM-yn4kkpOyZIXn2pjfQnfv6B-eI_XaOoo4QoZckgp1oIX_7OJbcwp3nWrtXMwzWrog8JZzpOypi30YB7beYivyBq5Rm4a68Wju_QS3vF8QaFm51vk1YjMQhXZgBu2Oc3xm4ZM_YZUQyXI6dZ-z2UO0Wbp8Q_uWcoYV067IdBMlvxJy9SlOal_sM89UYWbIR9fXdMvugi8RXjrlbb3aBlMsutgnghbJXRZ00Y6Yoz_QQZOt6F7ph6jIqRsOyYpXfr9_Za7i0yvUgfrvYvof8xRuaaYwdJcZw_O2Uu1cQ",
    "id_token": "eyJhbGciOiJSUzI1NiIsImtpZCI6IjA3YjgwYTM2NTQyODUyNWY4YmY3Y2QwODQ2ZDc0YThlZTRlZjM2MjUiLCJ0eXAiOiJKV1QifQ.eyJhdWQiOiIzMjU1NTk0MDU1OS5hcHBzLmdvb2dsZXVzZXJjb250ZW50LmNvbSIsImF6cCI6IjEwODE3NDAyNDU1OTIzODc5NjE2NCIsImV4cCI6MTc0NTk5MjQxOCwiaWF0IjoxNzQ1OTg4ODE4LCJpc3MiOiJodHRwczovL2FjY291bnRzLmdvb2dsZS5jb20iLCJzdWIiOiIxMDgxNzQwMjQ1NTkyMzg3OTYxNjQifQ.pwa08Tf_E5BQrkRU6I8ufh9LptfD-cKEWanIn9eq-4d2yC3-1mqrQ_AZqIuuXP_coe3mp1c0NhlLLGAN2JvjlMnDHHDdqAi8zYYIMovhGz77hAMzwnBk4DZu-MrFWYdJd8h91UJSCzsDpSuyI_7xJKY4fwtyAriCTCPI99CAMQxyX43DriVNY7OG8TkwTJInhfb7DD_td1pQuZhjp5qjiG0wUHxEvsOfjv4LblokU6VZqH5cO-e06_NSM6kfi-KVX_YyDl8Sihp6H1ghmTmqitfozGTlAi7ZDHpHQeI7rDl6QxwajIaDAMpSQe8tLZUirrZtLeiwiXL0Sg9J-MAN3w",
    "token_expiry": "2025-04-30T05:48:13Z"
  },
  "sentinels": {
    "config_sentinel": "/home/jupyter/.config/gcloud/config_sentinel"
  }
}
2025-04-30 04:53:38,755 INFO     ___FILE_ONLY___ 

2025-04-30 04:53:38,756 DEBUG    root            SDK update checks are disabled.
